DB::table('members')->orderBy('name','DESC')->orderBy('surname','ASC')->get();