DB::table('members')->orderByRaw('RAND() ASC')->get();