DB::table('members')->crossJoin('details')->get();