DB::table('members')->whereRaw('age+1 = ? ', [25])->get();