DB::table('members')->whereRaw('age+0 = age')->get();