DB::table('members')->where('age','>',30)->orWhere(function ($query) { $query->where('name','LIKE','J%')->orWhere(function ($query) { $query->where('surname','=','P')->whereNotNull('name');});})->where('AGE','!=',30)->get();