DB::table('members')->selectRaw('MAX(age) AS age')->get();