DB::table('members')->selectRaw('MIN(age) AS age')->get();