DB::table('members')->selectRaw('SUM(age) AS sum_age')->get();