DB::table('members')->offset(20)->limit(10)->get();